time="2025-11-15T10:29:30-06:00" level=warning msg="/home/ger/Code/Portfolio/llm_evaluation/docker-compose.yml: the attribute `version` is obsolete, it will be ignored, please remove it to avoid potential confusion"
 ollama Pulling 
 4b3ffd8ccb52 Pulling fs layer 
 fc5156a82ef6 Pulling fs layer 
 cd2988572ed7 Pulling fs layer 
 f7966b709084 Pulling fs layer 
 f7966b709084 Waiting 
 fc5156a82ef6 Downloading [>                                                  ]    536kB/83.41MB
 4b3ffd8ccb52 Downloading [>                                                  ]  299.4kB/29.72MB
 fc5156a82ef6 Downloading [====>                                              ]  8.064MB/83.41MB
 4b3ffd8ccb52 Downloading [========>                                          ]  4.927MB/29.72MB
 fc5156a82ef6 Downloading [=========>                                         ]  15.05MB/83.41MB
 4b3ffd8ccb52 Downloading [=================>                                 ]  10.18MB/29.72MB
 fc5156a82ef6 Downloading [=============>                                     ]  22.04MB/83.41MB
 4b3ffd8ccb52 Downloading [=========================>                         ]  15.45MB/29.72MB
 cd2988572ed7 Downloading [>                                                  ]  126.8kB/12.43MB
 fc5156a82ef6 Downloading [================>                                  ]  27.42MB/83.41MB
 4b3ffd8ccb52 Downloading [===================================>               ]  21.35MB/29.72MB
 cd2988572ed7 Downloading [=========>                                         ]  2.362MB/12.43MB
 fc5156a82ef6 Downloading [==================>                                ]  30.09MB/83.41MB
 4b3ffd8ccb52 Downloading [=========================================>         ]  24.45MB/29.72MB
 cd2988572ed7 Downloading [==============>                                    ]   3.68MB/12.43MB
 fc5156a82ef6 Downloading [===================>                               ]  32.23MB/83.41MB
 4b3ffd8ccb52 Downloading [=============================================>     ]  26.93MB/29.72MB
 4b3ffd8ccb52 Verifying Checksum 
 4b3ffd8ccb52 Download complete 
 fc5156a82ef6 Downloading [=====================>                             ]  36.52MB/83.41MB
 cd2988572ed7 Downloading [============================>                      ]  6.987MB/12.43MB
 4b3ffd8ccb52 Extracting [>                                                  ]  327.7kB/29.72MB
 fc5156a82ef6 Downloading [=========================>                         ]  41.87MB/83.41MB
 cd2988572ed7 Downloading [=================================================> ]  12.36MB/12.43MB
 cd2988572ed7 Verifying Checksum 
 cd2988572ed7 Download complete 
 4b3ffd8ccb52 Extracting [=======>                                           ]  4.588MB/29.72MB
 fc5156a82ef6 Downloading [==============================>                    ]  51.03MB/83.41MB
 4b3ffd8ccb52 Extracting [==============>                                    ]  8.847MB/29.72MB
 f7966b709084 Downloading [>                                                  ]  528.4kB/1.932GB
 fc5156a82ef6 Downloading [=================================>                 ]  56.39MB/83.41MB
 4b3ffd8ccb52 Extracting [======================>                            ]  13.43MB/29.72MB
 f7966b709084 Downloading [>                                                  ]  3.217MB/1.932GB
 fc5156a82ef6 Downloading [=====================================>             ]  61.73MB/83.41MB
 4b3ffd8ccb52 Extracting [==============================>                    ]  18.35MB/29.72MB
 f7966b709084 Downloading [>                                                  ]  6.426MB/1.932GB
 4b3ffd8ccb52 Extracting [======================================>            ]  22.61MB/29.72MB
 fc5156a82ef6 Downloading [=======================================>           ]  66.57MB/83.41MB
 f7966b709084 Downloading [>                                                  ]  11.26MB/1.932GB
 4b3ffd8ccb52 Extracting [==========================================>        ]  25.56MB/29.72MB
 fc5156a82ef6 Downloading [=========================================>         ]   69.8MB/83.41MB
 f7966b709084 Downloading [>                                                  ]     15MB/1.932GB
 4b3ffd8ccb52 Extracting [==============================================>    ]  27.85MB/29.72MB
 fc5156a82ef6 Downloading [============================================>      ]  74.09MB/83.41MB
 f7966b709084 Downloading [>                                                  ]  20.37MB/1.932GB
 4b3ffd8ccb52 Extracting [=================================================> ]  29.49MB/29.72MB
 fc5156a82ef6 Downloading [==============================================>    ]   77.3MB/83.41MB
 4b3ffd8ccb52 Extracting [==================================================>]  29.72MB/29.72MB
 f7966b709084 Downloading [>                                                  ]  24.68MB/1.932GB
 4b3ffd8ccb52 Pull complete 
 fc5156a82ef6 Downloading [=================================================> ]  82.68MB/83.41MB
 fc5156a82ef6 Verifying Checksum 
 fc5156a82ef6 Download complete 
 f7966b709084 Downloading [>                                                  ]  28.96MB/1.932GB
 fc5156a82ef6 Extracting [>                                                  ]  557.1kB/83.41MB
 f7966b709084 Downloading [>                                                  ]   33.8MB/1.932GB
 fc5156a82ef6 Extracting [===>                                               ]  5.014MB/83.41MB
 f7966b709084 Downloading [=>                                                 ]  42.96MB/1.932GB
 fc5156a82ef6 Extracting [======>                                            ]  10.03MB/83.41MB
 f7966b709084 Downloading [=>                                                 ]  54.24MB/1.932GB
 fc5156a82ef6 Extracting [========>                                          ]  13.93MB/83.41MB
 f7966b709084 Downloading [=>                                                 ]  63.36MB/1.932GB
 fc5156a82ef6 Extracting [===========>                                       ]  18.94MB/83.41MB
 f7966b709084 Downloading [=>                                                 ]  70.88MB/1.932GB
 fc5156a82ef6 Extracting [==============>                                    ]   23.4MB/83.41MB
 f7966b709084 Downloading [==>                                                ]  78.93MB/1.932GB
 fc5156a82ef6 Extracting [================>                                  ]   27.3MB/83.41MB
 f7966b709084 Downloading [==>                                                ]  87.53MB/1.932GB
 fc5156a82ef6 Extracting [==================>                                ]   31.2MB/83.41MB
 f7966b709084 Downloading [==>                                                ]  95.62MB/1.932GB
 fc5156a82ef6 Extracting [=====================>                             ]  35.65MB/83.41MB
 f7966b709084 Downloading [==>                                                ]   97.2MB/1.932GB
 fc5156a82ef6 Extracting [=======================>                           ]  38.99MB/83.41MB
 f7966b709084 Downloading [==>                                                ]  108.4MB/1.932GB
 fc5156a82ef6 Extracting [=========================>                         ]  42.89MB/83.41MB
 f7966b709084 Downloading [===>                                               ]  118.6MB/1.932GB
 f7966b709084 Downloading [===>                                               ]  128.2MB/1.932GB
 fc5156a82ef6 Extracting [===========================>                       ]  45.12MB/83.41MB
 fc5156a82ef6 Extracting [=============================>                     ]  49.58MB/83.41MB
 f7966b709084 Downloading [===>                                               ]  134.1MB/1.932GB
 f7966b709084 Downloading [===>                                               ]  142.6MB/1.932GB
 fc5156a82ef6 Extracting [================================>                  ]  54.03MB/83.41MB
 f7966b709084 Downloading [===>                                               ]  152.8MB/1.932GB
 fc5156a82ef6 Extracting [=================================>                 ]  56.26MB/83.41MB
 f7966b709084 Downloading [====>                                              ]  160.9MB/1.932GB
 fc5156a82ef6 Extracting [====================================>              ]  60.16MB/83.41MB
 f7966b709084 Downloading [====>                                              ]    169MB/1.932GB
 fc5156a82ef6 Extracting [=====================================>             ]  62.95MB/83.41MB
 f7966b709084 Downloading [====>                                              ]    177MB/1.932GB
 fc5156a82ef6 Extracting [=======================================>           ]  66.29MB/83.41MB
 f7966b709084 Downloading [====>                                              ]  184.5MB/1.932GB
 fc5156a82ef6 Extracting [=========================================>         ]  69.63MB/83.41MB
 f7966b709084 Downloading [====>                                              ]  191.5MB/1.932GB
 fc5156a82ef6 Extracting [===========================================>       ]  72.42MB/83.41MB
 f7966b709084 Downloading [=====>                                             ]  196.8MB/1.932GB
 fc5156a82ef6 Extracting [============================================>      ]  74.65MB/83.41MB
 f7966b709084 Downloading [=====>                                             ]  207.5MB/1.932GB
 fc5156a82ef6 Extracting [===============================================>   ]  79.66MB/83.41MB
 f7966b709084 Downloading [=====>                                             ]  212.8MB/1.932GB
 fc5156a82ef6 Extracting [=================================================> ]     83MB/83.41MB
 fc5156a82ef6 Extracting [==================================================>]  83.41MB/83.41MB
 f7966b709084 Downloading [=====>                                             ]  220.9MB/1.932GB
 f7966b709084 Downloading [=====>                                             ]  225.6MB/1.932GB
 fc5156a82ef6 Pull complete 
 cd2988572ed7 Extracting [>                                                  ]  131.1kB/12.43MB
 f7966b709084 Downloading [=====>                                             ]  231.5MB/1.932GB
 cd2988572ed7 Extracting [===================>                               ]   4.85MB/12.43MB
 f7966b709084 Downloading [======>                                            ]  240.1MB/1.932GB
 cd2988572ed7 Extracting [====================================>              ]  9.044MB/12.43MB
 f7966b709084 Downloading [======>                                            ]  250.8MB/1.932GB
 cd2988572ed7 Extracting [==================================================>]  12.43MB/12.43MB
 cd2988572ed7 Pull complete 
 f7966b709084 Downloading [======>                                            ]  258.9MB/1.932GB
 f7966b709084 Downloading [======>                                            ]  266.3MB/1.932GB
 f7966b709084 Downloading [=======>                                           ]  273.3MB/1.932GB
 f7966b709084 Downloading [=======>                                           ]    284MB/1.932GB
 f7966b709084 Downloading [=======>                                           ]  294.8MB/1.932GB
 f7966b709084 Downloading [=======>                                           ]  301.2MB/1.932GB
 f7966b709084 Downloading [========>                                          ]  310.8MB/1.932GB
 f7966b709084 Downloading [========>                                          ]    322MB/1.932GB
 f7966b709084 Downloading [========>                                          ]  331.7MB/1.932GB
 f7966b709084 Downloading [========>                                          ]    337MB/1.932GB
 f7966b709084 Downloading [========>                                          ]  342.3MB/1.932GB
 f7966b709084 Downloading [=========>                                         ]  353.6MB/1.932GB
 f7966b709084 Downloading [=========>                                         ]    360MB/1.932GB
 f7966b709084 Downloading [=========>                                         ]  366.5MB/1.932GB
 f7966b709084 Downloading [=========>                                         ]  370.2MB/1.932GB
 f7966b709084 Downloading [=========>                                         ]  373.9MB/1.932GB
 f7966b709084 Downloading [=========>                                         ]  385.2MB/1.932GB
 f7966b709084 Downloading [==========>                                        ]  392.7MB/1.932GB
 f7966b709084 Downloading [==========>                                        ]  399.7MB/1.932GB
 f7966b709084 Downloading [==========>                                        ]  407.7MB/1.932GB
 f7966b709084 Downloading [==========>                                        ]  412.5MB/1.932GB
 f7966b709084 Downloading [==========>                                        ]  422.7MB/1.932GB
 f7966b709084 Downloading [===========>                                       ]  432.9MB/1.932GB
 f7966b709084 Downloading [===========>                                       ]  444.2MB/1.932GB
 f7966b709084 Downloading [===========>                                       ]  455.5MB/1.932GB
 f7966b709084 Downloading [===========>                                       ]  463.5MB/1.932GB
 f7966b709084 Downloading [============>                                      ]  474.3MB/1.932GB
 f7966b709084 Downloading [============>                                      ]  484.5MB/1.932GB
 f7966b709084 Downloading [============>                                      ]  494.1MB/1.932GB
 f7966b709084 Downloading [============>                                      ]  502.1MB/1.932GB
 f7966b709084 Downloading [=============>                                     ]  510.2MB/1.932GB
 f7966b709084 Downloading [=============>                                     ]  516.1MB/1.932GB
 f7966b709084 Downloading [=============>                                     ]  524.2MB/1.932GB
 f7966b709084 Downloading [=============>                                     ]  533.9MB/1.932GB
 f7966b709084 Downloading [==============>                                    ]  542.4MB/1.932GB
 f7966b709084 Downloading [==============>                                    ]  550.4MB/1.932GB
 f7966b709084 Downloading [==============>                                    ]  559.5MB/1.932GB
 f7966b709084 Downloading [==============>                                    ]  567.6MB/1.932GB
 f7966b709084 Downloading [==============>                                    ]  575.7MB/1.932GB
 f7966b709084 Downloading [===============>                                   ]  583.8MB/1.932GB
 f7966b709084 Downloading [===============>                                   ]  591.9MB/1.932GB
 f7966b709084 Downloading [===============>                                   ]  600.5MB/1.932GB
 f7966b709084 Downloading [===============>                                   ]  608.6MB/1.932GB
 f7966b709084 Downloading [===============>                                   ]  616.6MB/1.932GB
 f7966b709084 Downloading [================>                                  ]  624.7MB/1.932GB
 f7966b709084 Downloading [================>                                  ]  632.7MB/1.932GB
 f7966b709084 Downloading [================>                                  ]  640.8MB/1.932GB
 f7966b709084 Downloading [================>                                  ]  648.9MB/1.932GB
 f7966b709084 Downloading [=================>                                 ]  656.9MB/1.932GB
 f7966b709084 Downloading [=================>                                 ]    665MB/1.932GB
 f7966b709084 Downloading [=================>                                 ]  672.5MB/1.932GB
 f7966b709084 Downloading [=================>                                 ]  681.1MB/1.932GB
 f7966b709084 Downloading [=================>                                 ]  689.1MB/1.932GB
 f7966b709084 Downloading [==================>                                ]  697.2MB/1.932GB
 f7966b709084 Downloading [==================>                                ]  704.6MB/1.932GB
 f7966b709084 Downloading [==================>                                ]  713.7MB/1.932GB
 f7966b709084 Downloading [==================>                                ]  721.8MB/1.932GB
 f7966b709084 Downloading [==================>                                ]  729.9MB/1.932GB
 f7966b709084 Downloading [===================>                               ]  737.9MB/1.932GB
 f7966b709084 Downloading [===================>                               ]    746MB/1.932GB
 f7966b709084 Downloading [===================>                               ]  754.1MB/1.932GB
 f7966b709084 Downloading [===================>                               ]  762.1MB/1.932GB
 f7966b709084 Downloading [===================>                               ]  770.2MB/1.932GB
 f7966b709084 Downloading [====================>                              ]  778.2MB/1.932GB
 f7966b709084 Downloading [====================>                              ]  786.3MB/1.932GB
 f7966b709084 Downloading [====================>                              ]  794.4MB/1.932GB
 f7966b709084 Downloading [====================>                              ]  802.5MB/1.932GB
 f7966b709084 Downloading [====================>                              ]    810MB/1.932GB
 f7966b709084 Downloading [=====================>                             ]  818.6MB/1.932GB
 f7966b709084 Downloading [=====================>                             ]  827.2MB/1.932GB
 f7966b709084 Downloading [=====================>                             ]    833MB/1.932GB
 f7966b709084 Downloading [=====================>                             ]  840.6MB/1.932GB
 f7966b709084 Downloading [======================>                            ]  850.8MB/1.932GB
 f7966b709084 Downloading [======================>                            ]  859.9MB/1.932GB
 f7966b709084 Downloading [======================>                            ]  866.3MB/1.932GB
 f7966b709084 Downloading [======================>                            ]    876MB/1.932GB
 f7966b709084 Downloading [======================>                            ]    884MB/1.932GB
 f7966b709084 Downloading [=======================>                           ]  890.4MB/1.932GB
 f7966b709084 Downloading [=======================>                           ]    899MB/1.932GB
 f7966b709084 Downloading [=======================>                           ]  907.6MB/1.932GB
 f7966b709084 Downloading [=======================>                           ]  916.1MB/1.932GB
 f7966b709084 Downloading [=======================>                           ]  925.8MB/1.932GB
 f7966b709084 Downloading [========================>                          ]  933.9MB/1.932GB
 f7966b709084 Downloading [========================>                          ]  942.5MB/1.932GB
 f7966b709084 Downloading [========================>                          ]    950MB/1.932GB
 f7966b709084 Downloading [========================>                          ]  958.6MB/1.932GB
 f7966b709084 Downloading [=========================>                         ]  966.7MB/1.932GB
 f7966b709084 Downloading [=========================>                         ]  974.7MB/1.932GB
 f7966b709084 Downloading [=========================>                         ]  983.3MB/1.932GB
 f7966b709084 Downloading [=========================>                         ]  987.6MB/1.932GB
 f7966b709084 Downloading [=========================>                         ]  996.2MB/1.932GB
 f7966b709084 Downloading [=========================>                         ]  1.003GB/1.932GB
 f7966b709084 Downloading [==========================>                        ]  1.008GB/1.932GB
 f7966b709084 Downloading [==========================>                        ]  1.011GB/1.932GB
 f7966b709084 Downloading [==========================>                        ]  1.022GB/1.932GB
 f7966b709084 Downloading [==========================>                        ]  1.034GB/1.932GB
 f7966b709084 Downloading [===========================>                       ]  1.045GB/1.932GB
 f7966b709084 Downloading [===========================>                       ]  1.055GB/1.932GB
 f7966b709084 Downloading [===========================>                       ]  1.065GB/1.932GB
 f7966b709084 Downloading [===========================>                       ]  1.077GB/1.932GB
 f7966b709084 Downloading [============================>                      ]  1.086GB/1.932GB
 f7966b709084 Downloading [============================>                      ]  1.094GB/1.932GB
 f7966b709084 Downloading [============================>                      ]  1.102GB/1.932GB
 f7966b709084 Downloading [============================>                      ]   1.11GB/1.932GB
 f7966b709084 Downloading [============================>                      ]  1.118GB/1.932GB
 f7966b709084 Downloading [=============================>                     ]  1.126GB/1.932GB
 f7966b709084 Downloading [=============================>                     ]  1.135GB/1.932GB
 f7966b709084 Downloading [=============================>                     ]  1.143GB/1.932GB
 f7966b709084 Downloading [=============================>                     ]   1.15GB/1.932GB
 f7966b709084 Downloading [=============================>                     ]  1.159GB/1.932GB
 f7966b709084 Downloading [==============================>                    ]  1.167GB/1.932GB
 f7966b709084 Downloading [==============================>                    ]  1.175GB/1.932GB
 f7966b709084 Downloading [==============================>                    ]  1.183GB/1.932GB
 f7966b709084 Downloading [==============================>                    ]  1.191GB/1.932GB
 f7966b709084 Downloading [===============================>                   ]    1.2GB/1.932GB
 f7966b709084 Downloading [===============================>                   ]  1.208GB/1.932GB
 f7966b709084 Downloading [===============================>                   ]  1.215GB/1.932GB
 f7966b709084 Downloading [===============================>                   ]  1.223GB/1.932GB
 f7966b709084 Downloading [===============================>                   ]  1.232GB/1.932GB
 f7966b709084 Downloading [================================>                  ]   1.24GB/1.932GB
 f7966b709084 Downloading [================================>                  ]  1.246GB/1.932GB
 f7966b709084 Downloading [================================>                  ]  1.254GB/1.932GB
 f7966b709084 Downloading [================================>                  ]  1.261GB/1.932GB
 f7966b709084 Downloading [================================>                  ]  1.263GB/1.932GB
 f7966b709084 Downloading [================================>                  ]  1.274GB/1.932GB
 f7966b709084 Downloading [=================================>                 ]  1.285GB/1.932GB
 f7966b709084 Downloading [=================================>                 ]  1.296GB/1.932GB
 f7966b709084 Downloading [=================================>                 ]  1.306GB/1.932GB
 f7966b709084 Downloading [==================================>                ]  1.315GB/1.932GB
 f7966b709084 Downloading [==================================>                ]  1.323GB/1.932GB
 f7966b709084 Downloading [==================================>                ]  1.331GB/1.932GB
 f7966b709084 Downloading [==================================>                ]  1.339GB/1.932GB
 f7966b709084 Downloading [==================================>                ]  1.347GB/1.932GB
 f7966b709084 Downloading [===================================>               ]  1.356GB/1.932GB
 f7966b709084 Downloading [===================================>               ]  1.364GB/1.932GB
 f7966b709084 Downloading [===================================>               ]  1.372GB/1.932GB
 f7966b709084 Downloading [===================================>               ]   1.38GB/1.932GB
 f7966b709084 Downloading [===================================>               ]  1.387GB/1.932GB
 f7966b709084 Downloading [====================================>              ]  1.397GB/1.932GB
 f7966b709084 Downloading [====================================>              ]  1.405GB/1.932GB
 f7966b709084 Downloading [====================================>              ]  1.413GB/1.932GB
 f7966b709084 Downloading [====================================>              ]  1.421GB/1.932GB
 f7966b709084 Downloading [=====================================>             ]  1.429GB/1.932GB
 f7966b709084 Downloading [=====================================>             ]  1.438GB/1.932GB
 f7966b709084 Downloading [=====================================>             ]  1.446GB/1.932GB
 f7966b709084 Downloading [=====================================>             ]  1.454GB/1.932GB
 f7966b709084 Downloading [=====================================>             ]  1.462GB/1.932GB
 f7966b709084 Downloading [======================================>            ]   1.47GB/1.932GB
 f7966b709084 Downloading [======================================>            ]  1.479GB/1.932GB
 f7966b709084 Downloading [======================================>            ]  1.487GB/1.932GB
 f7966b709084 Downloading [======================================>            ]  1.495GB/1.932GB
 f7966b709084 Downloading [======================================>            ]  1.503GB/1.932GB
 f7966b709084 Downloading [=======================================>           ]   1.51GB/1.932GB
 f7966b709084 Downloading [=======================================>           ]  1.518GB/1.932GB
 f7966b709084 Downloading [=======================================>           ]  1.524GB/1.932GB
 f7966b709084 Downloading [=======================================>           ]  1.533GB/1.932GB
 f7966b709084 Downloading [=======================================>           ]  1.543GB/1.932GB
 f7966b709084 Downloading [========================================>          ]  1.551GB/1.932GB
 f7966b709084 Downloading [========================================>          ]   1.56GB/1.932GB
 f7966b709084 Downloading [========================================>          ]  1.568GB/1.932GB
 f7966b709084 Downloading [========================================>          ]  1.577GB/1.932GB
 f7966b709084 Downloading [========================================>          ]  1.584GB/1.932GB
 f7966b709084 Downloading [=========================================>         ]  1.592GB/1.932GB
 f7966b709084 Downloading [=========================================>         ]  1.601GB/1.932GB
 f7966b709084 Downloading [=========================================>         ]  1.608GB/1.932GB
 f7966b709084 Downloading [=========================================>         ]  1.617GB/1.932GB
 f7966b709084 Downloading [==========================================>        ]  1.623GB/1.932GB
 f7966b709084 Downloading [==========================================>        ]  1.633GB/1.932GB
 f7966b709084 Downloading [==========================================>        ]  1.641GB/1.932GB
 f7966b709084 Downloading [==========================================>        ]  1.649GB/1.932GB
 f7966b709084 Downloading [==========================================>        ]  1.657GB/1.932GB
 f7966b709084 Downloading [===========================================>       ]  1.665GB/1.932GB
 f7966b709084 Downloading [===========================================>       ]  1.673GB/1.932GB
 f7966b709084 Downloading [===========================================>       ]  1.682GB/1.932GB
 f7966b709084 Downloading [===========================================>       ]   1.69GB/1.932GB
 f7966b709084 Downloading [===========================================>       ]  1.697GB/1.932GB
 f7966b709084 Downloading [============================================>      ]  1.706GB/1.932GB
 f7966b709084 Downloading [============================================>      ]  1.714GB/1.932GB
 f7966b709084 Downloading [============================================>      ]  1.722GB/1.932GB
 f7966b709084 Downloading [============================================>      ]  1.731GB/1.932GB
 f7966b709084 Downloading [=============================================>     ]  1.738GB/1.932GB
 f7966b709084 Downloading [=============================================>     ]  1.745GB/1.932GB
 f7966b709084 Downloading [=============================================>     ]  1.755GB/1.932GB
 f7966b709084 Downloading [=============================================>     ]  1.762GB/1.932GB
 f7966b709084 Downloading [=============================================>     ]  1.766GB/1.932GB
 f7966b709084 Downloading [=============================================>     ]  1.769GB/1.932GB
 f7966b709084 Downloading [==============================================>    ]  1.779GB/1.932GB
 f7966b709084 Downloading [==============================================>    ]  1.788GB/1.932GB
 f7966b709084 Downloading [==============================================>    ]  1.799GB/1.932GB
 f7966b709084 Downloading [==============================================>    ]  1.806GB/1.932GB
 f7966b709084 Downloading [==============================================>    ]   1.81GB/1.932GB
 f7966b709084 Downloading [===============================================>   ]  1.818GB/1.932GB
 f7966b709084 Downloading [===============================================>   ]  1.824GB/1.932GB
 f7966b709084 Downloading [===============================================>   ]  1.829GB/1.932GB
 f7966b709084 Downloading [===============================================>   ]  1.835GB/1.932GB
 f7966b709084 Downloading [===============================================>   ]  1.837GB/1.932GB
 f7966b709084 Downloading [===============================================>   ]  1.848GB/1.932GB
 f7966b709084 Downloading [================================================>  ]  1.857GB/1.932GB
 f7966b709084 Downloading [================================================>  ]  1.863GB/1.932GB
 f7966b709084 Downloading [================================================>  ]  1.871GB/1.932GB
 f7966b709084 Downloading [================================================>  ]  1.882GB/1.932GB
 f7966b709084 Downloading [================================================>  ]  1.893GB/1.932GB
 f7966b709084 Downloading [=================================================> ]  1.899GB/1.932GB
 f7966b709084 Downloading [=================================================> ]  1.909GB/1.932GB
 f7966b709084 Downloading [=================================================> ]  1.917GB/1.932GB
 f7966b709084 Downloading [=================================================> ]  1.924GB/1.932GB
 f7966b709084 Download complete 
 f7966b709084 Extracting [>                                                  ]  557.1kB/1.932GB
 f7966b709084 Extracting [>                                                  ]  10.58MB/1.932GB
 f7966b709084 Extracting [>                                                  ]   15.6MB/1.932GB
 f7966b709084 Extracting [>                                                  ]  21.17MB/1.932GB
 f7966b709084 Extracting [>                                                  ]  27.85MB/1.932GB
 f7966b709084 Extracting [>                                                  ]  33.42MB/1.932GB
 f7966b709084 Extracting [>                                                  ]  38.44MB/1.932GB
 f7966b709084 Extracting [=>                                                 ]  45.68MB/1.932GB
 f7966b709084 Extracting [=>                                                 ]  56.26MB/1.932GB
 f7966b709084 Extracting [=>                                                 ]  61.83MB/1.932GB
 f7966b709084 Extracting [=>                                                 ]  66.29MB/1.932GB
 f7966b709084 Extracting [=>                                                 ]   71.3MB/1.932GB
 f7966b709084 Extracting [==>                                                ]  81.33MB/1.932GB
 f7966b709084 Extracting [==>                                                ]   90.8MB/1.932GB
 f7966b709084 Extracting [==>                                                ]  95.26MB/1.932GB
 f7966b709084 Extracting [==>                                                ]  96.93MB/1.932GB
 f7966b709084 Extracting [==>                                                ]  100.3MB/1.932GB
 f7966b709084 Extracting [==>                                                ]  106.4MB/1.932GB
 f7966b709084 Extracting [==>                                                ]  110.9MB/1.932GB
 f7966b709084 Extracting [==>                                                ]  115.9MB/1.932GB
 f7966b709084 Extracting [===>                                               ]  122.6MB/1.932GB
 f7966b709084 Extracting [===>                                               ]  130.9MB/1.932GB
 f7966b709084 Extracting [===>                                               ]  139.3MB/1.932GB
 f7966b709084 Extracting [===>                                               ]  149.8MB/1.932GB
 f7966b709084 Extracting [====>                                              ]  158.8MB/1.932GB
 f7966b709084 Extracting [====>                                              ]  164.9MB/1.932GB
 f7966b709084 Extracting [====>                                              ]  169.3MB/1.932GB
 f7966b709084 Extracting [====>                                              ]  174.9MB/1.932GB
 f7966b709084 Extracting [====>                                              ]  180.5MB/1.932GB
 f7966b709084 Extracting [====>                                              ]  187.2MB/1.932GB
 f7966b709084 Extracting [=====>                                             ]  195.5MB/1.932GB
 f7966b709084 Extracting [=====>                                             ]  206.1MB/1.932GB
 f7966b709084 Extracting [=====>                                             ]  217.8MB/1.932GB
 f7966b709084 Extracting [=====>                                             ]  228.4MB/1.932GB
 f7966b709084 Extracting [======>                                            ]  233.4MB/1.932GB
 f7966b709084 Extracting [======>                                            ]  239.5MB/1.932GB
 f7966b709084 Extracting [======>                                            ]  250.1MB/1.932GB
 f7966b709084 Extracting [======>                                            ]  262.4MB/1.932GB
 f7966b709084 Extracting [======>                                            ]  269.6MB/1.932GB
 f7966b709084 Extracting [=======>                                           ]  274.6MB/1.932GB
 f7966b709084 Extracting [=======>                                           ]  281.3MB/1.932GB
 f7966b709084 Extracting [=======>                                           ]  288.6MB/1.932GB
 f7966b709084 Extracting [=======>                                           ]  291.3MB/1.932GB
 f7966b709084 Extracting [=======>                                           ]  295.8MB/1.932GB
 f7966b709084 Extracting [=======>                                           ]  299.7MB/1.932GB
 f7966b709084 Extracting [=======>                                           ]  303.6MB/1.932GB
 f7966b709084 Extracting [=======>                                           ]  308.1MB/1.932GB
 f7966b709084 Extracting [========>                                          ]    317MB/1.932GB
 f7966b709084 Extracting [========>                                          ]  324.8MB/1.932GB
 f7966b709084 Extracting [========>                                          ]  330.9MB/1.932GB
 f7966b709084 Extracting [========>                                          ]  333.7MB/1.932GB
 f7966b709084 Extracting [========>                                          ]  338.1MB/1.932GB
 f7966b709084 Extracting [========>                                          ]  343.1MB/1.932GB
 f7966b709084 Extracting [=========>                                         ]  348.2MB/1.932GB
 f7966b709084 Extracting [=========>                                         ]  353.7MB/1.932GB
 f7966b709084 Extracting [=========>                                         ]  360.4MB/1.932GB
 f7966b709084 Extracting [=========>                                         ]  366.5MB/1.932GB
 f7966b709084 Extracting [=========>                                         ]  379.4MB/1.932GB
 f7966b709084 Extracting [==========>                                        ]  403.9MB/1.932GB
 f7966b709084 Extracting [===========>                                       ]  426.7MB/1.932GB
 f7966b709084 Extracting [===========>                                       ]  447.9MB/1.932GB
 f7966b709084 Extracting [============>                                      ]  464.6MB/1.932GB
 f7966b709084 Extracting [============>                                      ]  475.2MB/1.932GB
 f7966b709084 Extracting [============>                                      ]  489.1MB/1.932GB
 f7966b709084 Extracting [============>                                      ]  494.7MB/1.932GB
 f7966b709084 Extracting [============>                                      ]  501.9MB/1.932GB
 f7966b709084 Extracting [=============>                                     ]  506.4MB/1.932GB
 f7966b709084 Extracting [=============>                                     ]  515.3MB/1.932GB
 f7966b709084 Extracting [=============>                                     ]  537.6MB/1.932GB
 f7966b709084 Extracting [==============>                                    ]  549.8MB/1.932GB
 f7966b709084 Extracting [==============>                                    ]  568.2MB/1.932GB
 f7966b709084 Extracting [===============>                                   ]  587.7MB/1.932GB
 f7966b709084 Extracting [===============>                                   ]  597.7MB/1.932GB
 f7966b709084 Extracting [===============>                                   ]  602.7MB/1.932GB
 f7966b709084 Extracting [===============>                                   ]  607.2MB/1.932GB
 f7966b709084 Extracting [===============>                                   ]  611.1MB/1.932GB
 f7966b709084 Extracting [===============>                                   ]  616.7MB/1.932GB
 f7966b709084 Extracting [================>                                  ]  622.2MB/1.932GB
 f7966b709084 Extracting [================>                                  ]  628.4MB/1.932GB
 f7966b709084 Extracting [================>                                  ]  632.3MB/1.932GB
 f7966b709084 Extracting [================>                                  ]  636.2MB/1.932GB
 f7966b709084 Extracting [================>                                  ]  641.2MB/1.932GB
 f7966b709084 Extracting [================>                                  ]  646.7MB/1.932GB
 f7966b709084 Extracting [================>                                  ]  652.3MB/1.932GB
 f7966b709084 Extracting [=================>                                 ]  658.4MB/1.932GB
 f7966b709084 Extracting [=================>                                 ]  664.6MB/1.932GB
 f7966b709084 Extracting [=================>                                 ]  670.1MB/1.932GB
 f7966b709084 Extracting [=================>                                 ]  675.7MB/1.932GB
 f7966b709084 Extracting [=================>                                 ]  681.8MB/1.932GB
 f7966b709084 Extracting [=================>                                 ]    688MB/1.932GB
 f7966b709084 Extracting [=================>                                 ]  691.9MB/1.932GB
 f7966b709084 Extracting [==================>                                ]    698MB/1.932GB
 f7966b709084 Extracting [==================>                                ]  701.9MB/1.932GB
 f7966b709084 Extracting [==================>                                ]  707.5MB/1.932GB
 f7966b709084 Extracting [==================>                                ]  712.5MB/1.932GB
 f7966b709084 Extracting [==================>                                ]  716.4MB/1.932GB
 f7966b709084 Extracting [==================>                                ]  720.8MB/1.932GB
 f7966b709084 Extracting [==================>                                ]  724.7MB/1.932GB
 f7966b709084 Extracting [==================>                                ]  727.5MB/1.932GB
 f7966b709084 Extracting [==================>                                ]  731.4MB/1.932GB
 f7966b709084 Extracting [===================>                               ]  735.3MB/1.932GB
 f7966b709084 Extracting [===================>                               ]  738.7MB/1.932GB
 f7966b709084 Extracting [===================>                               ]    742MB/1.932GB
 f7966b709084 Extracting [===================>                               ]    747MB/1.932GB
 f7966b709084 Extracting [===================>                               ]  750.9MB/1.932GB
 f7966b709084 Extracting [===================>                               ]  754.3MB/1.932GB
 f7966b709084 Extracting [===================>                               ]  758.2MB/1.932GB
 f7966b709084 Extracting [===================>                               ]  762.1MB/1.932GB
 f7966b709084 Extracting [===================>                               ]  764.8MB/1.932GB
 f7966b709084 Extracting [===================>                               ]  767.1MB/1.932GB
 f7966b709084 Extracting [===================>                               ]  768.7MB/1.932GB
 f7966b709084 Extracting [====================>                              ]  773.2MB/1.932GB
 f7966b709084 Extracting [====================>                              ]  777.7MB/1.932GB
 f7966b709084 Extracting [====================>                              ]    781MB/1.932GB
 f7966b709084 Extracting [====================>                              ]  785.4MB/1.932GB
 f7966b709084 Extracting [====================>                              ]  789.3MB/1.932GB
 f7966b709084 Extracting [====================>                              ]  793.2MB/1.932GB
 f7966b709084 Extracting [====================>                              ]  795.5MB/1.932GB
 f7966b709084 Extracting [====================>                              ]  799.4MB/1.932GB
 f7966b709084 Extracting [====================>                              ]  804.4MB/1.932GB
 f7966b709084 Extracting [====================>                              ]  808.3MB/1.932GB
 f7966b709084 Extracting [=====================>                             ]  812.7MB/1.932GB
 f7966b709084 Extracting [=====================>                             ]  819.4MB/1.932GB
 f7966b709084 Extracting [=====================>                             ]  826.1MB/1.932GB
 f7966b709084 Extracting [=====================>                             ]    830MB/1.932GB
 f7966b709084 Extracting [=====================>                             ]  833.9MB/1.932GB
 f7966b709084 Extracting [=====================>                             ]  837.3MB/1.932GB
 f7966b709084 Extracting [=====================>                             ]    840MB/1.932GB
 f7966b709084 Extracting [=====================>                             ]  847.3MB/1.932GB
 f7966b709084 Extracting [======================>                            ]  853.4MB/1.932GB
 f7966b709084 Extracting [======================>                            ]  856.8MB/1.932GB
 f7966b709084 Extracting [======================>                            ]  860.1MB/1.932GB
 f7966b709084 Extracting [======================>                            ]  862.9MB/1.932GB
 f7966b709084 Extracting [======================>                            ]  866.8MB/1.932GB
 f7966b709084 Extracting [======================>                            ]    869MB/1.932GB
 f7966b709084 Extracting [======================>                            ]  872.3MB/1.932GB
 f7966b709084 Extracting [======================>                            ]  876.2MB/1.932GB
 f7966b709084 Extracting [======================>                            ]  881.8MB/1.932GB
 f7966b709084 Extracting [======================>                            ]  886.8MB/1.932GB
 f7966b709084 Extracting [=======================>                           ]    893MB/1.932GB
 f7966b709084 Extracting [=======================>                           ]  895.7MB/1.932GB
 f7966b709084 Extracting [=======================>                           ]  899.6MB/1.932GB
 f7966b709084 Extracting [=======================>                           ]    903MB/1.932GB
 f7966b709084 Extracting [=======================>                           ]  908.6MB/1.932GB
 f7966b709084 Extracting [=======================>                           ]  913.6MB/1.932GB
 f7966b709084 Extracting [=======================>                           ]  917.5MB/1.932GB
 f7966b709084 Extracting [=======================>                           ]  921.4MB/1.932GB
 f7966b709084 Extracting [=======================>                           ]  925.3MB/1.932GB
 f7966b709084 Extracting [========================>                          ]  928.1MB/1.932GB
 f7966b709084 Extracting [========================>                          ]    932MB/1.932GB
 f7966b709084 Extracting [========================>                          ]  935.9MB/1.932GB
 f7966b709084 Extracting [========================>                          ]  939.2MB/1.932GB
 f7966b709084 Extracting [========================>                          ]  940.9MB/1.932GB
 f7966b709084 Extracting [========================>                          ]  944.8MB/1.932GB
 f7966b709084 Extracting [========================>                          ]  948.1MB/1.932GB
 f7966b709084 Extracting [========================>                          ]  950.3MB/1.932GB
 f7966b709084 Extracting [========================>                          ]  955.9MB/1.932GB
 f7966b709084 Extracting [========================>                          ]  958.1MB/1.932GB
 f7966b709084 Extracting [========================>                          ]  963.1MB/1.932GB
 f7966b709084 Extracting [=========================>                         ]  969.8MB/1.932GB
 f7966b709084 Extracting [=========================>                         ]  973.2MB/1.932GB
 f7966b709084 Extracting [=========================>                         ]  977.1MB/1.932GB
 f7966b709084 Extracting [=========================>                         ]  982.1MB/1.932GB
 f7966b709084 Extracting [=========================>                         ]  986.5MB/1.932GB
 f7966b709084 Extracting [=========================>                         ]  991.6MB/1.932GB
 f7966b709084 Extracting [=========================>                         ]  997.7MB/1.932GB
 f7966b709084 Extracting [=========================>                         ]      1GB/1.932GB
 f7966b709084 Extracting [==========================>                        ]  1.005GB/1.932GB
 f7966b709084 Extracting [==========================>                        ]  1.011GB/1.932GB
 f7966b709084 Extracting [==========================>                        ]  1.016GB/1.932GB
 f7966b709084 Extracting [==========================>                        ]   1.02GB/1.932GB
 f7966b709084 Extracting [==========================>                        ]  1.023GB/1.932GB
 f7966b709084 Extracting [==========================>                        ]  1.027GB/1.932GB
 f7966b709084 Extracting [==========================>                        ]  1.032GB/1.932GB
 f7966b709084 Extracting [==========================>                        ]  1.036GB/1.932GB
 f7966b709084 Extracting [==========================>                        ]  1.042GB/1.932GB
 f7966b709084 Extracting [===========================>                       ]  1.046GB/1.932GB
 f7966b709084 Extracting [===========================>                       ]   1.05GB/1.932GB
 f7966b709084 Extracting [===========================>                       ]  1.053GB/1.932GB
 f7966b709084 Extracting [===========================>                       ]  1.057GB/1.932GB
 f7966b709084 Extracting [===========================>                       ]   1.06GB/1.932GB
 f7966b709084 Extracting [===========================>                       ]  1.067GB/1.932GB
 f7966b709084 Extracting [===========================>                       ]  1.075GB/1.932GB
 f7966b709084 Extracting [===========================>                       ]  1.081GB/1.932GB
 f7966b709084 Extracting [============================>                      ]  1.086GB/1.932GB
 f7966b709084 Extracting [============================>                      ]  1.093GB/1.932GB
 f7966b709084 Extracting [============================>                      ]    1.1GB/1.932GB
 f7966b709084 Extracting [============================>                      ]  1.104GB/1.932GB
 f7966b709084 Extracting [============================>                      ]  1.106GB/1.932GB
 f7966b709084 Extracting [============================>                      ]  1.109GB/1.932GB
 f7966b709084 Extracting [============================>                      ]  1.113GB/1.932GB
 f7966b709084 Extracting [============================>                      ]  1.119GB/1.932GB
 f7966b709084 Extracting [=============================>                     ]  1.124GB/1.932GB
 f7966b709084 Extracting [=============================>                     ]  1.129GB/1.932GB
 f7966b709084 Extracting [=============================>                     ]  1.134GB/1.932GB
 f7966b709084 Extracting [=============================>                     ]  1.139GB/1.932GB
 f7966b709084 Extracting [=============================>                     ]  1.143GB/1.932GB
 f7966b709084 Extracting [=============================>                     ]  1.146GB/1.932GB
 f7966b709084 Extracting [=============================>                     ]  1.152GB/1.932GB
 f7966b709084 Extracting [=============================>                     ]  1.155GB/1.932GB
 f7966b709084 Extracting [==============================>                    ]  1.159GB/1.932GB
 f7966b709084 Extracting [==============================>                    ]  1.164GB/1.932GB
 f7966b709084 Extracting [==============================>                    ]  1.168GB/1.932GB
 f7966b709084 Extracting [==============================>                    ]  1.175GB/1.932GB
 f7966b709084 Extracting [==============================>                    ]  1.183GB/1.932GB
 f7966b709084 Extracting [===============================>                   ]  1.199GB/1.932GB
 f7966b709084 Extracting [===============================>                   ]  1.225GB/1.932GB
 f7966b709084 Extracting [===============================>                   ]  1.229GB/1.932GB
 f7966b709084 Extracting [===============================>                   ]  1.233GB/1.932GB
 f7966b709084 Extracting [===============================>                   ]  1.236GB/1.932GB
 f7966b709084 Extracting [================================>                  ]  1.242GB/1.932GB
 f7966b709084 Extracting [================================>                  ]  1.248GB/1.932GB
 f7966b709084 Extracting [================================>                  ]  1.253GB/1.932GB
 f7966b709084 Extracting [================================>                  ]  1.261GB/1.932GB
 f7966b709084 Extracting [================================>                  ]  1.264GB/1.932GB
 f7966b709084 Extracting [================================>                  ]  1.268GB/1.932GB
 f7966b709084 Extracting [================================>                  ]  1.275GB/1.932GB
 f7966b709084 Extracting [=================================>                 ]  1.283GB/1.932GB
 f7966b709084 Extracting [==================================>                ]  1.315GB/1.932GB
 f7966b709084 Extracting [==================================>                ]  1.346GB/1.932GB
 f7966b709084 Extracting [===================================>               ]   1.36GB/1.932GB
 f7966b709084 Extracting [===================================>               ]  1.371GB/1.932GB
 f7966b709084 Extracting [===================================>               ]  1.383GB/1.932GB
 f7966b709084 Extracting [====================================>              ]  1.403GB/1.932GB
 f7966b709084 Extracting [=====================================>             ]  1.431GB/1.932GB
 f7966b709084 Extracting [=====================================>             ]  1.456GB/1.932GB
 f7966b709084 Extracting [======================================>            ]  1.473GB/1.932GB
 f7966b709084 Extracting [======================================>            ]  1.493GB/1.932GB
 f7966b709084 Extracting [======================================>            ]  1.498GB/1.932GB
 f7966b709084 Extracting [======================================>            ]    1.5GB/1.932GB
 f7966b709084 Extracting [======================================>            ]  1.504GB/1.932GB
 f7966b709084 Extracting [=======================================>           ]  1.507GB/1.932GB
 f7966b709084 Extracting [=======================================>           ]  1.511GB/1.932GB
 f7966b709084 Extracting [=======================================>           ]  1.525GB/1.932GB
 f7966b709084 Extracting [========================================>          ]  1.559GB/1.932GB
 f7966b709084 Extracting [=========================================>         ]  1.599GB/1.932GB
 f7966b709084 Extracting [=========================================>         ]  1.607GB/1.932GB
 f7966b709084 Extracting [==========================================>        ]   1.63GB/1.932GB
 f7966b709084 Extracting [===========================================>       ]  1.666GB/1.932GB
 f7966b709084 Extracting [============================================>      ]  1.707GB/1.932GB
 f7966b709084 Extracting [============================================>      ]  1.721GB/1.932GB
 f7966b709084 Extracting [=============================================>     ]  1.744GB/1.932GB
 f7966b709084 Extracting [=============================================>     ]  1.763GB/1.932GB
 f7966b709084 Extracting [==============================================>    ]  1.786GB/1.932GB
 f7966b709084 Extracting [===============================================>   ]   1.83GB/1.932GB
 f7966b709084 Extracting [===============================================>   ]  1.851GB/1.932GB
 f7966b709084 Extracting [================================================>  ]   1.88GB/1.932GB
 f7966b709084 Extracting [=================================================> ]  1.896GB/1.932GB
 f7966b709084 Extracting [=================================================> ]  1.908GB/1.932GB
 f7966b709084 Extracting [=================================================> ]  1.916GB/1.932GB
 f7966b709084 Extracting [=================================================> ]  1.921GB/1.932GB
 f7966b709084 Extracting [=================================================> ]  1.927GB/1.932GB
 f7966b709084 Extracting [==================================================>]  1.932GB/1.932GB
 f7966b709084 Pull complete 
 ollama Pulled 
time="2025-11-15T10:30:27-06:00" level=warning msg="Docker Compose is configured to build using Bake, but buildx isn't installed"
#0 building with "default" instance using docker driver

#1 [test internal] load build definition from Dockerfile
#1 transferring dockerfile: 910B done
#1 DONE 0.0s

#2 [test internal] load metadata for docker.io/library/python:3.10-slim
#2 DONE 0.6s

#3 [test internal] load .dockerignore
#3 transferring context: 251B done
#3 DONE 0.0s

#4 [test  1/10] FROM docker.io/library/python:3.10-slim@sha256:975a1e200a16719060d391eea4ac66ee067d709cc22a32f4ca4737731eae36c0
#4 DONE 0.0s

#5 [test internal] load build context
#5 transferring context: 31.45kB done
#5 DONE 0.0s

#6 [test  2/10] WORKDIR /app
#6 CACHED

#7 [test  3/10] RUN apt-get update && apt-get install -y     build-essential     curl     && rm -rf /var/lib/apt/lists/*
#7 CACHED

#8 [test  4/10] COPY requirements.txt requirements-dev.txt* ./
#8 DONE 0.1s

#9 [test  5/10] RUN pip install --no-cache-dir -r requirements.txt
#9 1.411 Collecting langchain==0.3.7
#9 1.690   Downloading langchain-0.3.7-py3-none-any.whl (1.0 MB)
#9 1.944      ━━━━━━━━━━━━━━━━━━━━━━━━━━━━━━━━━━━━━━━━ 1.0/1.0 MB 4.0 MB/s eta 0:00:00
#9 2.050 Collecting langchain-community==0.3.5
#9 2.096   Downloading langchain_community-0.3.5-py3-none-any.whl (2.4 MB)
#9 2.230      ━━━━━━━━━━━━━━━━━━━━━━━━━━━━━━━━━━━━━━━━ 2.4/2.4 MB 18.8 MB/s eta 0:00:00
#9 2.363 Collecting chromadb==0.5.20
#9 2.408   Downloading chromadb-0.5.20-py3-none-any.whl (617 kB)
#9 2.415      ━━━━━━━━━━━━━━━━━━━━━━━━━━━━━━━━━━━━━ 617.9/617.9 kB 189.3 MB/s eta 0:00:00
#9 2.507 Collecting pypdf==5.1.0
#9 2.554   Downloading pypdf-5.1.0-py3-none-any.whl (297 kB)
#9 2.561      ━━━━━━━━━━━━━━━━━━━━━━━━━━━━━━━━━━━━━ 298.0/298.0 kB 133.7 MB/s eta 0:00:00
#9 2.647 Collecting python-dotenv==1.0.1
#9 2.691   Downloading python_dotenv-1.0.1-py3-none-any.whl (19 kB)
#9 2.977 Collecting pydantic==2.10.3
#9 3.024   Downloading pydantic-2.10.3-py3-none-any.whl (456 kB)
#9 3.031      ━━━━━━━━━━━━━━━━━━━━━━━━━━━━━━━━━━━━━ 457.0/457.0 kB 158.7 MB/s eta 0:00:00
#9 3.124 Collecting pydantic-settings==2.6.1
#9 3.167   Downloading pydantic_settings-2.6.1-py3-none-any.whl (28 kB)
#9 3.258 Collecting httpx==0.25.2
#9 3.301   Downloading httpx-0.25.2-py3-none-any.whl (74 kB)
#9 3.304      ━━━━━━━━━━━━━━━━━━━━━━━━━━━━━━━━━━━━━━━ 75.0/75.0 kB 105.1 MB/s eta 0:00:00
#9 3.427 Collecting fastapi==0.115.6
#9 3.471   Downloading fastapi-0.115.6-py3-none-any.whl (94 kB)
#9 3.473      ━━━━━━━━━━━━━━━━━━━━━━━━━━━━━━━━━━━━━━━ 94.8/94.8 kB 608.3 MB/s eta 0:00:00
#9 3.564 Collecting uvicorn[standard]==0.32.1
#9 3.611   Downloading uvicorn-0.32.1-py3-none-any.whl (63 kB)
#9 3.616      ━━━━━━━━━━━━━━━━━━━━━━━━━━━━━━━━━━━━━━━ 63.8/63.8 kB 150.8 MB/s eta 0:00:00
#9 3.742 Collecting pytest==8.3.4
#9 3.784   Downloading pytest-8.3.4-py3-none-any.whl (343 kB)
#9 3.788      ━━━━━━━━━━━━━━━━━━━━━━━━━━━━━━━━━━━━━ 343.1/343.1 kB 136.6 MB/s eta 0:00:00
#9 3.864 Collecting pytest-asyncio==0.24.0
#9 3.909   Downloading pytest_asyncio-0.24.0-py3-none-any.whl (18 kB)
#9 4.091 Collecting deepeval==1.4.7
#9 4.133   Downloading deepeval-1.4.7-py3-none-any.whl (461 kB)
#9 4.139      ━━━━━━━━━━━━━━━━━━━━━━━━━━━━━━━━━━━━━ 461.1/461.1 kB 134.3 MB/s eta 0:00:00
#9 4.220 Collecting python-multipart==0.0.20
#9 4.263   Downloading python_multipart-0.0.20-py3-none-any.whl (24 kB)
#9 4.388 Collecting pyyaml==6.0.2
#9 4.433   Downloading PyYAML-6.0.2-cp310-cp310-manylinux_2_17_x86_64.manylinux2014_x86_64.whl (751 kB)
#9 4.443      ━━━━━━━━━━━━━━━━━━━━━━━━━━━━━━━━━━━━━ 751.2/751.2 kB 128.3 MB/s eta 0:00:00
#9 4.534 Collecting requests==2.32.3
#9 4.579   Downloading requests-2.32.3-py3-none-any.whl (64 kB)
#9 4.581      ━━━━━━━━━━━━━━━━━━━━━━━━━━━━━━━━━━━━━━━ 64.9/64.9 kB 285.7 MB/s eta 0:00:00
#9 4.686 Collecting tqdm==4.67.1
#9 4.728   Downloading tqdm-4.67.1-py3-none-any.whl (78 kB)
#9 4.732      ━━━━━━━━━━━━━━━━━━━━━━━━━━━━━━━━━━━━━━━ 78.5/78.5 kB 181.2 MB/s eta 0:00:00
#9 4.820 Collecting langchain-text-splitters<0.4.0,>=0.3.0
#9 4.863   Downloading langchain_text_splitters-0.3.11-py3-none-any.whl (33 kB)
#9 5.224 Collecting numpy<2,>=1
#9 5.267   Downloading numpy-1.26.4-cp310-cp310-manylinux_2_17_x86_64.manylinux2014_x86_64.whl (18.2 MB)
#9 5.513      ━━━━━━━━━━━━━━━━━━━━━━━━━━━━━━━━━━━━━━━ 18.2/18.2 MB 132.5 MB/s eta 0:00:00
#9 6.386 Collecting aiohttp<4.0.0,>=3.8.3
#9 6.431   Downloading aiohttp-3.13.2-cp310-cp310-manylinux2014_x86_64.manylinux_2_17_x86_64.manylinux_2_28_x86_64.whl (1.7 MB)
#9 6.448      ━━━━━━━━━━━━━━━━━━━━━━━━━━━━━━━━━━━━━━━━ 1.7/1.7 MB 126.1 MB/s eta 0:00:00
#9 6.554 Collecting tenacity!=8.4.0,<10,>=8.1.0
#9 6.597   Downloading tenacity-9.1.2-py3-none-any.whl (28 kB)
#9 6.709 Collecting langchain-core<0.4.0,>=0.3.15
#9 6.753   Downloading langchain_core-0.3.79-py3-none-any.whl (449 kB)
#9 6.757      ━━━━━━━━━━━━━━━━━━━━━━━━━━━━━━━━━━━━━ 449.8/449.8 kB 246.0 MB/s eta 0:00:00
#9 7.219 Collecting SQLAlchemy<3,>=1.4
#9 7.263   Downloading sqlalchemy-2.0.44-cp310-cp310-manylinux_2_17_x86_64.manylinux2014_x86_64.whl (3.2 MB)
#9 7.292      ━━━━━━━━━━━━━━━━━━━━━━━━━━━━━━━━━━━━━━━━ 3.2/3.2 MB 123.3 MB/s eta 0:00:00
#9 7.461 Collecting langsmith<0.2.0,>=0.1.17
#9 7.504   Downloading langsmith-0.1.147-py3-none-any.whl (311 kB)
#9 7.508      ━━━━━━━━━━━━━━━━━━━━━━━━━━━━━━━━━━━━━ 311.8/311.8 kB 111.5 MB/s eta 0:00:00
#9 7.586 Collecting async-timeout<5.0.0,>=4.0.0
#9 7.630   Downloading async_timeout-4.0.3-py3-none-any.whl (5.7 kB)
#9 7.722 Collecting dataclasses-json<0.7,>=0.5.7
#9 7.766   Downloading dataclasses_json-0.6.7-py3-none-any.whl (28 kB)
#9 7.845 Collecting httpx-sse<0.5.0,>=0.4.0
#9 7.889   Downloading httpx_sse-0.4.3-py3-none-any.whl (9.0 kB)
#9 7.926 Collecting SQLAlchemy<3,>=1.4
#9 7.971   Downloading SQLAlchemy-2.0.35-cp310-cp310-manylinux_2_17_x86_64.manylinux2014_x86_64.whl (3.1 MB)
#9 8.007      ━━━━━━━━━━━━━━━━━━━━━━━━━━━━━━━━━━━━━━━━ 3.1/3.1 MB 102.2 MB/s eta 0:00:00
#9 8.144 Collecting opentelemetry-instrumentation-fastapi>=0.41b0
#9 8.189   Downloading opentelemetry_instrumentation_fastapi-0.59b0-py3-none-any.whl (13 kB)
#9 8.266 Collecting pypika>=0.48.9
#9 8.309   Downloading PyPika-0.48.9.tar.gz (67 kB)
#9 8.311      ━━━━━━━━━━━━━━━━━━━━━━━━━━━━━━━━━━━━━━━ 67.3/67.3 kB 372.7 MB/s eta 0:00:00
#9 8.318   Installing build dependencies: started
#9 10.37   Installing build dependencies: finished with status 'done'
#9 10.37   Getting requirements to build wheel: started
#9 10.48   Getting requirements to build wheel: finished with status 'done'
#9 10.48   Preparing metadata (pyproject.toml): started
#9 10.58   Preparing metadata (pyproject.toml): finished with status 'done'
#9 10.68 Collecting typing-extensions>=4.5.0
#9 10.72   Downloading typing_extensions-4.15.0-py3-none-any.whl (44 kB)
#9 10.73      ━━━━━━━━━━━━━━━━━━━━━━━━━━━━━━━━━━━━━━━━ 44.6/44.6 kB 90.1 MB/s eta 0:00:00
#9 10.83 Collecting chroma-hnswlib==0.7.6
#9 10.87   Downloading chroma_hnswlib-0.7.6-cp310-cp310-manylinux_2_17_x86_64.manylinux2014_x86_64.whl (2.4 MB)
#9 10.89      ━━━━━━━━━━━━━━━━━━━━━━━━━━━━━━━━━━━━━━━━ 2.4/2.4 MB 140.9 MB/s eta 0:00:00
#9 11.06 Collecting mmh3>=4.0.1
#9 11.10   Downloading mmh3-5.2.0-cp310-cp310-manylinux1_x86_64.manylinux_2_28_x86_64.manylinux_2_5_x86_64.whl (101 kB)
#9 11.10      ━━━━━━━━━━━━━━━━━━━━━━━━━━━━━━━━━━━━━ 101.2/101.2 kB 221.7 MB/s eta 0:00:00
#9 11.24 Collecting onnxruntime>=1.14.1
#9 11.28   Downloading onnxruntime-1.23.2-cp310-cp310-manylinux_2_27_x86_64.manylinux_2_28_x86_64.whl (17.4 MB)
#9 11.44      ━━━━━━━━━━━━━━━━━━━━━━━━━━━━━━━━━━━━━━━ 17.4/17.4 MB 113.4 MB/s eta 0:00:00
#9 11.53 Collecting kubernetes>=28.1.0
#9 11.58   Downloading kubernetes-34.1.0-py2.py3-none-any.whl (2.0 MB)
#9 11.60      ━━━━━━━━━━━━━━━━━━━━━━━━━━━━━━━━━━━━━━━━ 2.0/2.0 MB 160.1 MB/s eta 0:00:00
#9 11.69 Collecting opentelemetry-exporter-otlp-proto-grpc>=1.2.0
#9 11.74   Downloading opentelemetry_exporter_otlp_proto_grpc-1.38.0-py3-none-any.whl (19 kB)
#9 11.86 Collecting bcrypt>=4.0.1
#9 11.90   Downloading bcrypt-5.0.0-cp39-abi3-manylinux_2_34_x86_64.whl (278 kB)
#9 11.91      ━━━━━━━━━━━━━━━━━━━━━━━━━━━━━━━━━━━━━ 278.2/278.2 kB 142.2 MB/s eta 0:00:00
#9 11.99 Collecting build>=1.0.3
#9 12.03   Downloading build-1.3.0-py3-none-any.whl (23 kB)
#9 12.14 Collecting posthog>=2.4.0
#9 12.18   Downloading posthog-7.0.1-py3-none-any.whl (145 kB)
#9 12.18      ━━━━━━━━━━━━━━━━━━━━━━━━━━━━━━━━━━━━━ 145.2/145.2 kB 491.0 MB/s eta 0:00:00
#9 12.29 Collecting rich>=10.11.0
#9 12.33   Downloading rich-14.2.0-py3-none-any.whl (243 kB)
#9 12.34      ━━━━━━━━━━━━━━━━━━━━━━━━━━━━━━━━━━━━━ 243.4/243.4 kB 539.3 MB/s eta 0:00:00
#9 12.42 Collecting typer>=0.9.0
#9 12.47   Downloading typer-0.20.0-py3-none-any.whl (47 kB)
#9 12.47      ━━━━━━━━━━━━━━━━━━━━━━━━━━━━━━━━━━━━━━━ 47.0/47.0 kB 480.7 MB/s eta 0:00:00
#9 12.74 Collecting tokenizers>=0.13.2
#9 12.79   Downloading tokenizers-0.22.1-cp39-abi3-manylinux_2_17_x86_64.manylinux2014_x86_64.whl (3.3 MB)
#9 12.82      ━━━━━━━━━━━━━━━━━━━━━━━━━━━━━━━━━━━━━━━━ 3.3/3.3 MB 126.8 MB/s eta 0:00:00
#9 12.92 Collecting importlib-resources
#9 12.96   Downloading importlib_resources-6.5.2-py3-none-any.whl (37 kB)
#9 13.04 Collecting opentelemetry-api>=1.2.0
#9 13.09   Downloading opentelemetry_api-1.38.0-py3-none-any.whl (65 kB)
#9 13.09      ━━━━━━━━━━━━━━━━━━━━━━━━━━━━━━━━━━━━━━━ 65.9/65.9 kB 300.3 MB/s eta 0:00:00
#9 13.11 INFO: pip is looking at multiple versions of langchain-community to determine which version is compatible with other requirements. This could take a while.
#9 13.11 INFO: pip is looking at multiple versions of <Python from Requires-Python> to determine which version is compatible with other requirements. This could take a while.
#9 13.11 INFO: pip is looking at multiple versions of langchain to determine which version is compatible with other requirements. This could take a while.
#9 13.11 ERROR: Cannot install -r requirements.txt (line 4) and httpx==0.25.2 because these package versions have conflicting dependencies.
#9 13.11 
#9 13.11 The conflict is caused by:
#9 13.11     The user requested httpx==0.25.2
#9 13.11     chromadb 0.5.20 depends on httpx>=0.27.0
#9 13.11 
#9 13.11 To fix this you could try to:
#9 13.11 1. loosen the range of package versions you've specified
#9 13.11 2. remove package versions to allow pip attempt to solve the dependency conflict
#9 13.11 
#9 13.11 ERROR: ResolutionImpossible: for help visit https://pip.pypa.io/en/latest/topics/dependency-resolution/#dealing-with-dependency-conflicts
#9 13.34 
#9 13.34 [notice] A new release of pip is available: 23.0.1 -> 25.3
#9 13.34 [notice] To update, run: pip install --upgrade pip
#9 ERROR: process "/bin/sh -c pip install --no-cache-dir -r requirements.txt" did not complete successfully: exit code: 1
------
 > [test  5/10] RUN pip install --no-cache-dir -r requirements.txt:
13.11     chromadb 0.5.20 depends on httpx>=0.27.0
13.11 
13.11 To fix this you could try to:
13.11 1. loosen the range of package versions you've specified
13.11 2. remove package versions to allow pip attempt to solve the dependency conflict
13.11 
13.11 ERROR: ResolutionImpossible: for help visit https://pip.pypa.io/en/latest/topics/dependency-resolution/#dealing-with-dependency-conflicts
13.34 
13.34 [notice] A new release of pip is available: 23.0.1 -> 25.3
13.34 [notice] To update, run: pip install --upgrade pip
------
failed to solve: process "/bin/sh -c pip install --no-cache-dir -r requirements.txt" did not complete successfully: exit code: 1
